Food ⚕: [{0 8} {2 6} {5 5}]
Hadyn ■□□: {gs_4RmQGtFRtShpRTv4tVqbcb3D Hadyn 99 [{1 10} {1 9} {1 9}] {0 0} 0   }
Ekans ●⍟⍟: {gs_pYKB7DXSYxP7rV4h6JVfCWSJ Ekans 99 [{1 6} {1 5} {1 5}] {0 0} 0   }
◦■◦◦◦◦◦◦◦◦◦
◦□◦◦◦◦◦◦◦◦◦
⚕◦◦◦◦◦◦◦◦◦◦
◦◦◦◦◦◦◦◦◦◦◦
◦●⚕◦◦◦◦◦◦◦◦
◦⍟◦◦◦⚕◦◦◦◦◦
◦◦◦◦◦◦◦◦◦◦◦
◦◦◦◦◦◦◦◦◦◦◦
◦◦◦◦◦◦◦◦◦◦◦
◦◦◦◦◦◦◦◦◦◦◦
◦◦◦◦◦◦◦◦◦◦◦
