|   |   |   |   |   |   |   |   |   |   |   |
|   |   |   |   |   |   |   |   |   |   |   |
|   |   |   |   |   |   |   |   |   |   |   |
|   |   |   |   |   |   |   |   |   |   |   |
|   |   |   |   |   |   |   |   |   |   |   |
|029|028|027|   |   |   |   |   |   |   |   |
|   |   |026|025|   |   |   |   |   |001|002|
|   |   |   |024|   |   |   |   |   |   |003|
|   |   |   |023|   |   |012|011|   |   |004|
|   |020|021|022|   |   |013|010|009|   |005|
|   |019|018|017|016|015|014|   |008|007|006|
