|   |   |   |   |   |   |   |   |   |   |   |
|   |   |   |   |   |   |   |   |   |   |   |
|   |   |   |   |   |   |   |   |   |   |   |
|001|   |005|   |   |   |   |   |   |   |   |
|002|003|004|004|   |   |   |   |   |   |   |
|   |   |   |003|   |   |   |   |   |   |   |
|   |   |   |002|   |   |   |   |   |   |   |
|   |   |   |001|   |   |   |   |   |   |003|
|   |   |   |   |   |   |   |   |   |   |002|
|   |   |   |   |   |   |   |   |   |   |001|
|   |   |   |   |   |   |   |   |   |   |   |
