Food ⚕: [{4 8} {8 8} {5 5}]
Sssssssimple ■□□: {gs_DKpVhwKwXDdDpKd3HxyFxVKF Sssssssimple 93 [{7 10} {7 9} {8 9}] {0 0} 0   }
Charmer ●⍟⍟: {gs_DWVXHyYCJHdSYPpJBHbMJKDd Charmer 93 [{9 10} {10 10} {10 9}] {0 0} 0   }
◦◦◦◦◦◦◦■◦●⍟
◦◦◦◦◦◦◦□□◦⍟
◦◦◦◦⚕◦◦◦⚕◦◦
◦◦◦◦◦◦◦◦◦◦◦
◦◦◦◦◦◦◦◦◦◦◦
◦◦◦◦◦⚕◦◦◦◦◦
◦◦◦◦◦◦◦◦◦◦◦
◦◦◦◦◦◦◦◦◦◦◦
◦◦◦◦◦◦◦◦◦◦◦
◦◦◦◦◦◦◦◦◦◦◦
◦◦◦◦◦◦◦◦◦◦◦
