Food ⚕: [{2 8} {0 0} {5 5}]
Charmer ■□□: {gs_dMJXjhHrWHjW6DmxjRkvqfWR Charmer 99 [{1 10} {1 9} {1 9}] {0 0} 0   }
rnd ●⍟⍟: {gs_QbW9bt8XjrPDDvf84VqQdBQ3 rnd 99 [{1 2} {1 1} {1 1}] {0 0} 0   }
◦■◦◦◦◦◦◦◦◦◦
◦□◦◦◦◦◦◦◦◦◦
◦◦⚕◦◦◦◦◦◦◦◦
◦◦◦◦◦◦◦◦◦◦◦
◦◦◦◦◦◦◦◦◦◦◦
◦◦◦◦◦⚕◦◦◦◦◦
◦◦◦◦◦◦◦◦◦◦◦
◦◦◦◦◦◦◦◦◦◦◦
◦●◦◦◦◦◦◦◦◦◦
◦⍟◦◦◦◦◦◦◦◦◦
⚕◦◦◦◦◦◦◦◦◦◦
