Food ⚕: [{4 1}]
striker ■□□: {gs_wFdjXvVh8pbvtgwQvGRTTrXc striker 100 [{0 1} {1 1} {1 2} {2 2} {3 2} {4 2} {5 2} {5 2}] {0 0} 0   }
chadsnake ●⍟⍟: {gs_tWHWKPxghKdgHGJ8JStFVW78 chadsnake 87 [{0 3} {0 4} {0 5} {0 6} {0 7} {0 8} {1 8} {2 8}] {0 0} 0   }
◦◦◦◦◦◦◦◦◦◦◦
◦◦◦◦◦◦◦◦◦◦◦
⍟⍟⍟◦◦◦◦◦◦◦◦
⍟◦◦◦◦◦◦◦◦◦◦
⍟◦◦◦◦◦◦◦◦◦◦
⍟◦◦◦◦◦◦◦◦◦◦
⍟◦◦◦◦◦◦◦◦◦◦
●◦◦◦◦◦◦◦◦◦◦
◦□□□□□◦◦◦◦◦
■□◦◦⚕◦◦◦◦◦◦
◦◦◦◦◦◦◦◦◦◦◦
