Food ⚕: [{6 2} {5 5} {8 3} {7 8} {6 4} {6 3} {5 6} {9 7} {4 3}]
AvoidWall ■□□: {gs_SjxYbx99VyJtchvfWbTRq74X AvoidWall 81 [{10 3} {10 2} {10 1}] {0 0} 0   }
striker ●⍟⍟: {gs_Rh44kv9MgCDJg7KMPxv9qRQP striker 87 [{3 6} {3 5} {3 4} {3 3}] {0 0} 0   }
CM1-HackVH ◘⌀⌀: {gs_wX8R4tg6qc9RF3kmgfYvXCxF CM1-HackVH 85 [{2 7} {2 6} {1 6} {0 6} {0 7}] {0 0} 0   }
◦◦◦◦◦◦◦◦◦◦◦
◦◦◦◦◦◦◦◦◦◦◦
◦◦◦◦◦◦◦⚕◦◦◦
⌀◦◘◦◦◦◦◦◦⚕◦
⌀⌀⌀●◦⚕◦◦◦◦◦
◦◦◦⍟◦⚕◦◦◦◦◦
◦◦◦⍟◦◦⚕◦◦◦◦
◦◦◦⍟⚕◦⚕◦⚕◦■
◦◦◦◦◦◦⚕◦◦◦□
◦◦◦◦◦◦◦◦◦◦□
◦◦◦◦◦◦◦◦◦◦◦
