|   |   |   |   |   |   |   |   |   |   |   |
|   |   |   |   |   |   |   |   |   |   |   |
|   |   |   |   |   |   |   |   |   |   |   |
|   |   |   |   |   |   |   |   |   |   |   |
|   |   |   |   |   |   |   |   |   |   |   |
|   |   |   |   |   |   |   |   |   |   |   |
|   |   |   |   |   |004|   |   |   |   |   |
|   |   |   |   |   |003|002|   |   |   |   |
|   |   |   |   |   |   |001|   |   |   |   |
|   |   |   |   |   |   |   |   |   |   |   |
|003|002|001|   |   |   |   |   |   |   |   |
