Food ⚕: [{2 2} {10 2} {2 6} {2 10} {5 5}]
striker ■□□: {gs_9JVVw8YtfkVKVjCf6G4cCKRb striker 98 [{3 1} {2 1} {1 1}] {0 0} 0   }
Random Snake ●⍟⍟: {gs_VhWr7RkFhjVctG3SmVwV9yBJ Random Snake 98 [{8 0} {9 0} {9 1}] {0 0} 0   }
Cerberus ◘⌀⌀: {gs_VJ98GKYgC348pXKJ6vYk4qSB Cerberus 98 [{1 7} {1 6} {1 5}] {0 0} 0   }
◦◦⚕◦◦◦◦◦◦◦◦
◦◦◦◦◦◦◦◦◦◦◦
◦◦◦◦◦◦◦◦◦◦◦
◦◘◦◦◦◦◦◦◦◦◦
◦⌀⚕◦◦◦◦◦◦◦◦
◦⌀◦◦◦⚕◦◦◦◦◦
◦◦◦◦◦◦◦◦◦◦◦
◦◦◦◦◦◦◦◦◦◦◦
◦◦⚕◦◦◦◦◦◦◦⚕
◦□□■◦◦◦◦◦⍟◦
◦◦◦◦◦◦◦◦●⍟◦
