|   |   |   |   |   |   |   |   |   |   |   |
|   |   |   |   |   |   |   |001|   |   |   |
|   |   |   |   |   |   |   |002|   |001|004|
|   |   |   |   |   |   |   |003|   |002|003|
|   |   |   |   |   |   |   |   |   |   |   |
|   |   |   |   |   |   |   |   |   |   |   |
|   |   |   |   |   |   |   |   |   |   |   |
|   |   |   |   |   |   |   |   |   |   |   |
|   |   |   |   |   |   |   |   |   |   |   |
|   |   |   |   |   |   |   |   |   |   |   |
|   |   |   |   |   |   |   |   |   |   |   |
