|001|002|003|   |   |   |   |   |   |   |   |
|   |   |   |   |   |   |   |   |   |   |   |
|   |   |   |   |   |   |   |   |   |   |   |
|   |   |   |   |   |   |   |   |   |   |   |
|   |   |   |   |   |   |   |   |   |   |   |
|   |   |   |   |   |   |   |   |   |   |   |
|   |   |   |   |   |   |   |   |   |   |   |
|   |   |   |   |   |008|003|002|001|   |   |
|   |   |   |   |   |007|004|001|002|   |   |
|   |   |   |   |   |006|005|004|003|   |   |
|   |   |   |   |   |   |   |   |   |   |   |
