Food ⚕: [{9 5} {8 0} {0 3}]
Wormius ■□□: {gs_hFr9Syg8PjVvVtrCM6PFWmf3 Wormius 93 [{0 6} {1 6} {2 6} {2 5} {1 5} {1 4} {1 3} {2 3} {2 4} {3 4}] {0 0} 0   }
striker ●⍟⍟: {gs_DHk69jhyfXv7mBqTVr9cbYJ3 striker 94 [{0 8} {1 8} {2 8} {2 9} {1 9} {0 9} {0 10}] {0 0} 0   }
Morley ◘⌀⌀: {gs_MtpRHvd48QfjJgH6ycGCH7mY Morley 70 [{9 1} {10 1} {10 0}] {0 0} 0   }
⍟◦◦◦◦◦◦◦◦◦◦
⍟⍟⍟◦◦◦◦◦◦◦◦
●⍟⍟◦◦◦◦◦◦◦◦
◦◦◦◦◦◦◦◦◦◦◦
■□□◦◦◦◦◦◦◦◦
◦□□◦◦◦◦◦◦⚕◦
◦□□□◦◦◦◦◦◦◦
⚕□□◦◦◦◦◦◦◦◦
◦◦◦◦◦◦◦◦◦◦◦
◦◦◦◦◦◦◦◦◦◘⌀
◦◦◦◦◦◦◦◦⚕◦⌀
