|001|   |   |   |   |   |   |   |   |   |   |
|002|003|004|   |   |   |   |   |   |   |   |
|007|006|005|   |   |   |   |   |   |   |   |
|   |   |   |   |   |   |   |   |   |   |   |
|010|009|008|   |   |   |   |   |   |   |   |
|   |006|007|   |   |   |   |   |   |   |   |
|   |005|002|001|   |   |   |   |   |   |   |
|   |004|003|   |   |   |   |   |   |   |   |
|   |   |   |   |   |   |   |   |   |   |   |
|   |   |   |   |   |   |   |   |   |003|002|
|   |   |   |   |   |   |   |   |   |   |001|
