Food ⚕: [{2 8} {7 10} {0 0} {2 5} {8 8} {3 9}]
striker ■□□: {gs_8GwjXVyXM7GCvVcHRVFmMTBb striker 94 [{5 3} {5 2} {5 1} {6 1} {7 1} {8 1} {8 2} {8 3}] {0 0} 0   }
Nyan ●⍟⍟: {gs_kG8cQScdf9qPDBRYQHDYFTG9 Nyan 56 [{2 10} {1 10} {0 10}] {0 0} 0   }
Herman the Worm ◘⌀⌀: {gs_3TbVrBXBGFwbqbf3KwFPk7rY Herman the Worm 58 [{6 2} {6 3} {7 3} {7 2}] {0 0} 0   }
⍟⍟●◦◦◦◦⚕◦◦◦
◦◦◦⚕◦◦◦◦◦◦◦
◦◦⚕◦◦◦◦◦⚕◦◦
◦◦◦◦◦◦◦◦◦◦◦
◦◦◦◦◦◦◦◦◦◦◦
◦◦⚕◦◦◦◦◦◦◦◦
◦◦◦◦◦◦◦◦◦◦◦
◦◦◦◦◦■⌀⌀□◦◦
◦◦◦◦◦□◘⌀□◦◦
◦◦◦◦◦□□□□◦◦
⚕◦◦◦◦◦◦◦◦◦◦
